10
1 0 0 3 1
1 0 20 1 1
1 40 20 1 1
1 0 40 3 1
0 20 20 2 2
compute_map:
0 0
0 1
0 2
0 3
1 0
1 1
1 2
1 3
2 0
2 1
2 2
2 3
adapter_map:
3 0
3 0
3 1
3 1
3 2
3 2
3 3
3 3