1
0 0 0 0 2 2 2
compute_map:
0 0
0 1
0 2
0 3
1 0
1 1
1 2
1 3
adapter_map:
