1
1 0 0 3 1
1 0 2 1 1
1 4 2 1 1
1 0 4 3 1
0 2 2 2 2
compute_map:
0 0
0 1
0 2
0 3
1 0
1 1
1 2
1 3
2 0
2 1
2 2
2 3
adapter_map:
3 0
3 1
3 2
3 3
3 4
0 4
1 4
2 4