# Inverse sampling step
10
# Prisms
1 0 0 1 2
1 20 0 1 2
compute_map:
0 0
0 1
0 2
0 3
adapter_map:
