# Inverse sampling step
10
# Prisms
-1 0 0 0 4 4 1
compute_map:
adapter_map:
