1
0 0 0 1 2
0 2 0 1 2
compute_map:
0 0
0 1
0 2
0 3
adapter_map:
