1
0 0 0 0 4 4 4
0 0 0 0 1 1 1
compute_map:
adapter_map: